2023-09-03 DEBUG this is the debug message
2023-09-03 INFO this is the info mesg
